tracerpid replaced: TracerPid:	0
tracerpid replaced: TracerPid:	0
tracerpid replaced: TracerPid:	0
tracerpid replaced: TracerPid:	0
[35;01mr0tracer begin ... ![39;49;00m
Error: java.lang.ClassNotFoundException: Didn't find class "com.tencent.mm.protocal.MMProtocalJni.unpack" on path: DexPathList[[zip file "/data/app/com.tencent.mm-WVVV3J3lW-7gol4jHjK-Sw==/base.apk"],nativeLibraryDirectories=[/data/app/com.tencent.mm-WVVV3J3lW-7gol4jHjK-Sw==/lib/arm, /data/app/com.tencent.mm-WVVV3J3lW-7gol4jHjK-Sw==/base.apk!/lib/armeabi-v7a, /system/lib]]
    at <anonymous> (frida/node_modules/frida-java-bridge/lib/env.js:124)
    at <anonymous> (frida/node_modules/frida-java-bridge/lib/class-factory.js:449)
    at value (frida/node_modules/frida-java-bridge/lib/class-factory.js:819)
    at _make (frida/node_modules/frida-java-bridge/lib/class-factory.js:112)
    at use (frida/node_modules/frida-java-bridge/lib/class-factory.js:63)
    at use (frida/node_modules/frida-java-bridge/index.js:258)
    at traceClass (/frida/repl-2.js:162)
    at <anonymous> (/frida/repl-2.js:250)
    at <anonymous> (frida/node_modules/frida-java-bridge/lib/vm.js:12)
    at _performPendingVmOps (frida/node_modules/frida-java-bridge/index.js:250)
    at <anonymous> (frida/node_modules/frida-java-bridge/index.js:225)
    at <anonymous> (frida/node_modules/frida-java-bridge/lib/vm.js:12)
    at _performPendingVmOpsWhenReady (frida/node_modules/frida-java-bridge/index.js:244)
    at perform (frida/node_modules/frida-java-bridge/index.js:204)
    at main (/frida/repl-2.js:255)
    at apply (native)
    at <anonymous> (frida/runtime/core.js:51)
tracerpid replaced: TracerPid:	0
tracerpid replaced: TracerPid:	0
tracerpid replaced: TracerPid:	0
tracerpid replaced: TracerPid:	0
tracerpid replaced: TracerPid:	0
tracerpid replaced: TracerPid:	0
tracerpid replaced: TracerPid:	0
tracerpid replaced: TracerPid:	0
tracerpid replaced: TracerPid:	0
tracerpid replaced: TracerPid:	0
tracerpid replaced: TracerPid:	0
tracerpid replaced: TracerPid:	0
tracerpid replaced: TracerPid:	0
tracerpid replaced: TracerPid:	0
tracerpid replaced: TracerPid:	0
tracerpid replaced: TracerPid:	0
tracerpid replaced: TracerPid:	0
tracerpid replaced: TracerPid:	0
tracerpid replaced: TracerPid:	0
tracerpid replaced: TracerPid:	0
tracerpid replaced: TracerPid:	0
tracerpid replaced: TracerPid:	0
tracerpid replaced: TracerPid:	0
tracerpid replaced: TracerPid:	0
tracerpid replaced: TracerPid:	0
tracerpid replaced: TracerPid:	0
tracerpid replaced: TracerPid:	0
tracerpid replaced: TracerPid:	0
tracerpid replaced: TracerPid:	0
tracerpid replaced: TracerPid:	0
tracerpid replaced: TracerPid:	0
tracerpid replaced: TracerPid:	0
tracerpid replaced: TracerPid:	0
tracerpid replaced: TracerPid:	0
tracerpid replaced: TracerPid:	0
tracerpid replaced: TracerPid:	0
tracerpid replaced: TracerPid:	0
tracerpid replaced: TracerPid:	0
tracerpid replaced: TracerPid:	0
tracerpid replaced: TracerPid:	0
tracerpid replaced: TracerPid:	0
tracerpid replaced: TracerPid:	0
tracerpid replaced: TracerPid:	0
tracerpid replaced: TracerPid:	0
tracerpid replaced: TracerPid:	0
tracerpid replaced: TracerPid:	0
tracerpid replaced: TracerPid:	0
tracerpid replaced: TracerPid:	0
tracerpid replaced: TracerPid:	0
tracerpid replaced: TracerPid:	0
tracerpid replaced: TracerPid:	0
tracerpid replaced: TracerPid:	0
tracerpid replaced: TracerPid:	0
tracerpid replaced: TracerPid:	0
tracerpid replaced: TracerPid:	0
tracerpid replaced: TracerPid:	0
tracerpid replaced: TracerPid:	0
tracerpid replaced: TracerPid:	0
tracerpid replaced: TracerPid:	0
tracerpid replaced: TracerPid:	0
