[35;01mr0tracer begin ... ![39;49;00m
[31;01mTracing Method : android.widget.Toast.-wrap0 [1 overload(s)][39;49;00m
[31;01mTracing Method : android.widget.Toast.getService [1 overload(s)][39;49;00m
[31;01mTracing Method : android.widget.Toast.makeText [3 overload(s)][39;49;00m
[31;01mTracing Method : android.widget.Toast.cancel [1 overload(s)][39;49;00m
[31;01mTracing Method : android.widget.Toast.getDuration [1 overload(s)][39;49;00m
[31;01mTracing Method : android.widget.Toast.getGravity [1 overload(s)][39;49;00m
[31;01mTracing Method : android.widget.Toast.getHorizontalMargin [1 overload(s)][39;49;00m
[31;01mTracing Method : android.widget.Toast.getVerticalMargin [1 overload(s)][39;49;00m
[31;01mTracing Method : android.widget.Toast.getView [1 overload(s)][39;49;00m
[31;01mTracing Method : android.widget.Toast.getWindowParams [1 overload(s)][39;49;00m
[31;01mTracing Method : android.widget.Toast.getXOffset [1 overload(s)][39;49;00m
[31;01mTracing Method : android.widget.Toast.getYOffset [1 overload(s)][39;49;00m
[31;01mTracing Method : android.widget.Toast.setDuration [1 overload(s)][39;49;00m
[31;01mTracing Method : android.widget.Toast.setGravity [1 overload(s)][39;49;00m
[31;01mTracing Method : android.widget.Toast.setMargin [1 overload(s)][39;49;00m
[31;01mTracing Method : android.widget.Toast.setText [2 overload(s)][39;49;00m
[31;01mTracing Method : android.widget.Toast.setView [1 overload(s)][39;49;00m
[31;01mTracing Method : android.widget.Toast.show [1 overload(s)][39;49;00m
[31;01mTracing Method : android.widget.Toast.$init [2 overload(s)][39;49;00m
[32;01m	Spec: => 
static android.app.INotificationManager android.widget.Toast.-wrap0()
private static android.app.INotificationManager android.widget.Toast.getService()
public static android.widget.Toast android.widget.Toast.makeText(android.content.Context,int,int) throws android.content.res.Resources$NotFoundException
public static android.widget.Toast android.widget.Toast.makeText(android.content.Context,android.os.Looper,java.lang.CharSequence,int)
public static android.widget.Toast android.widget.Toast.makeText(android.content.Context,java.lang.CharSequence,int)
public void android.widget.Toast.cancel()
public int android.widget.Toast.getDuration()
public int android.widget.Toast.getGravity()
public float android.widget.Toast.getHorizontalMargin()
public float android.widget.Toast.getVerticalMargin()
public android.view.View android.widget.Toast.getView()
public android.view.WindowManager$LayoutParams android.widget.Toast.getWindowParams()
public int android.widget.Toast.getXOffset()
public int android.widget.Toast.getYOffset()
public void android.widget.Toast.setDuration(int)
public void android.widget.Toast.setGravity(int,int,int)
public void android.widget.Toast.setMargin(float,float)
public void android.widget.Toast.setText(int)
public void android.widget.Toast.setText(java.lang.CharSequence)
public void android.widget.Toast.setView(android.view.View)
public void android.widget.Toast.show()
Tracing public android.widget.Toast(android.content.Context)
Tracing public android.widget.Toast(android.content.Context,android.os.Looper)
++++++++++++++++++++++++++++++++++++++++++++++++++++++++++++++++++++++++++++++++++++++++++++++++++++[39;49;00m
tracerpid replaced: TracerPid:	0
[31;01m========================================================================================================================================================================================================Inspecting Fields: => true => class android.widget.Toast
android.content.Context 	mContext => null => null
int 	mDuration => 0 => 0
android.view.View 	mNextView => null => null
android.widget.Toast$TN 	mTN => null => null
int 	LENGTH_LONG => 1 => 1
int 	LENGTH_SHORT => 0 => 0
java.lang.String 	TAG => Toast => "Toast"
boolean 	localLOGV => false => false
android.app.INotificationManager 	sService => null => null
[Ljava.lang.reflect.Field;@d906f5d 	[Ljava.lang.reflect.Field;@d906f5d => undefined => undefined
[native 	function d() {
    [native code]
} => undefined => undefined

*** entered android.widget.Toast.$init
arg[0]: com.peopledailychina.activity.application.PeopleDailyApplication@17485dc => "<instance: android.content.Context, $className: com.peopledailychina.activity.application.PeopleDailyApplication>"
arg[1]: null => null
java.lang.Throwable
	at android.widget.Toast.<init>(Native Method)
	at android.widget.Toast.makeText(Toast.java:277)
	at android.widget.Toast.makeText(Native Method)
	at android.widget.Toast.makeText(Toast.java:267)
	at android.widget.Toast.makeText(Native Method)
	at com.peopledaily.common.manager.toast.factory.SystemToast.make(Native Method)
	at com.peopledaily.common.manager.toast.factory.ToastFactory$ToastBuilder.make(Native Method)
	at com.peopledaily.common.manager.toast.ToastManager.quickShow(Native Method)
	at com.peopledaily.common.manager.toast.ToastManager.showError(Native Method)
	at com.peopledailychina.activity.application.NewsApplication.checkRoot(NewsApplication.java:168)
	at com.peopledailychina.activity.application.NewsApplication.onCreate(NewsApplication.java:233)
	at com.tencent.tinker.entry.TinkerApplicationInlineFence.handleMessageImpl(TinkerApplicationInlineFence.java:76)
	at com.tencent.tinker.entry.TinkerApplicationInlineFence.handleMessage_$noinline$(TinkerApplicationInlineFence.java:60)
	at com.tencent.tinker.entry.TinkerApplicationInlineFence.handleMessage(TinkerApplicationInlineFence.java:53)
	at com.tencent.tinker.loader.app.TinkerInlineFenceAction.callOnCreate(TinkerInlineFenceAction.java:57)
	at com.tencent.tinker.loader.app.TinkerApplication.onCreate(TinkerApplication.java:189)
	at android.app.Instrumentation.callApplicationOnCreate(Instrumentation.java:1119)
	at com.ali.mobisecenhance.SpeedInit.reallyRun(Native Method)
	at com.ali.mobisecenhance.SpeedInit.run(Native Method)
	at com.ali.mobisecenhance.ld.BridgeAppMini.onCreate(Native Method)
	at android.app.Instrumentation.callApplicationOnCreate(Instrumentation.java:1119)
	at android.app.ActivityThread.handleBindApplication(ActivityThread.java:5740)
	at android.app.ActivityThread.handleBindApplication(Native Method)
	at android.app.ActivityThread.-wrap1(Unknown Source:0)
	at android.app.ActivityThread$H.handleMessage(ActivityThread.java:1656)
	at android.os.Handler.dispatchMessage(Handler.java:106)
	at android.os.Looper.loop(Looper.java:164)
	at android.app.ActivityThread.main(ActivityThread.java:6494)
	at java.lang.reflect.Method.invoke(Native Method)
	at com.android.internal.os.RuntimeInit$MethodAndArgsCaller.run(RuntimeInit.java:438)
	at com.android.internal.os.ZygoteInit.main(ZygoteInit.java:807)

retval: undefined => undefined
*** exiting android.widget.Toast.$init[39;49;00m
tracerpid replaced: TracerPid:	0
[33;01m========================================================================================================================================================================================================Inspecting Fields: => false => class android.widget.Toast
int 	LENGTH_LONG => 1 => 1
int 	LENGTH_SHORT => 0 => 0
java.lang.String 	TAG => Toast => "Toast"
boolean 	localLOGV => false => false
android.app.INotificationManager 	sService => null => null

*** entered android.widget.Toast.makeText
arg[0]: com.peopledailychina.activity.application.PeopleDailyApplication@17485dc => "<instance: android.content.Context, $className: com.peopledailychina.activity.application.PeopleDailyApplication>"
arg[1]: null => null
arg[2]: 请在非root的手机上运行本app => "<instance: java.lang.CharSequence, $className: java.lang.String>"
arg[3]: 0 => 0
java.lang.Throwable
	at android.widget.Toast.makeText(Native Method)
	at android.widget.Toast.makeText(Toast.java:267)
	at android.widget.Toast.makeText(Native Method)
	at com.peopledaily.common.manager.toast.factory.SystemToast.make(Native Method)
	at com.peopledaily.common.manager.toast.factory.ToastFactory$ToastBuilder.make(Native Method)
	at com.peopledaily.common.manager.toast.ToastManager.quickShow(Native Method)
	at com.peopledaily.common.manager.toast.ToastManager.showError(Native Method)
	at com.peopledailychina.activity.application.NewsApplication.checkRoot(NewsApplication.java:168)
	at com.peopledailychina.activity.application.NewsApplication.onCreate(NewsApplication.java:233)
	at com.tencent.tinker.entry.TinkerApplicationInlineFence.handleMessageImpl(TinkerApplicationInlineFence.java:76)
	at com.tencent.tinker.entry.TinkerApplicationInlineFence.handleMessage_$noinline$(TinkerApplicationInlineFence.java:60)
	at com.tencent.tinker.entry.TinkerApplicationInlineFence.handleMessage(TinkerApplicationInlineFence.java:53)
	at com.tencent.tinker.loader.app.TinkerInlineFenceAction.callOnCreate(TinkerInlineFenceAction.java:57)
	at com.tencent.tinker.loader.app.TinkerApplication.onCreate(TinkerApplication.java:189)
	at android.app.Instrumentation.callApplicationOnCreate(Instrumentation.java:1119)
	at com.ali.mobisecenhance.SpeedInit.reallyRun(Native Method)
	at com.ali.mobisecenhance.SpeedInit.run(Native Method)
	at com.ali.mobisecenhance.ld.BridgeAppMini.onCreate(Native Method)
	at android.app.Instrumentation.callApplicationOnCreate(Instrumentation.java:1119)
	at android.app.ActivityThread.handleBindApplication(ActivityThread.java:5740)
	at android.app.ActivityThread.handleBindApplication(Native Method)
	at android.app.ActivityThread.-wrap1(Unknown Source:0)
	at android.app.ActivityThread$H.handleMessage(ActivityThread.java:1656)
	at android.os.Handler.dispatchMessage(Handler.java:106)
	at android.os.Looper.loop(Looper.java:164)
	at android.app.ActivityThread.main(ActivityThread.java:6494)
	at java.lang.reflect.Method.invoke(Native Method)
	at com.android.internal.os.RuntimeInit$MethodAndArgsCaller.run(RuntimeInit.java:438)
	at com.android.internal.os.ZygoteInit.main(ZygoteInit.java:807)

retval: android.widget.Toast@d36361b => "<instance: android.widget.Toast>"
*** exiting android.widget.Toast.makeText[39;49;00m
[31;01m========================================================================================================================================================================================================Inspecting Fields: => false => class android.widget.Toast
int 	LENGTH_LONG => 1 => 1
int 	LENGTH_SHORT => 0 => 0
java.lang.String 	TAG => Toast => "Toast"
boolean 	localLOGV => false => false
android.app.INotificationManager 	sService => null => null

*** entered android.widget.Toast.makeText
arg[0]: com.peopledailychina.activity.application.PeopleDailyApplication@17485dc => "<instance: android.content.Context, $className: com.peopledailychina.activity.application.PeopleDailyApplication>"
arg[1]: 请在非root的手机上运行本app => "<instance: java.lang.CharSequence, $className: java.lang.String>"
arg[2]: 0 => 0
java.lang.Throwable
	at android.widget.Toast.makeText(Native Method)
	at com.peopledaily.common.manager.toast.factory.SystemToast.make(Native Method)
	at com.peopledaily.common.manager.toast.factory.ToastFactory$ToastBuilder.make(Native Method)
	at com.peopledaily.common.manager.toast.ToastManager.quickShow(Native Method)
	at com.peopledaily.common.manager.toast.ToastManager.showError(Native Method)
	at com.peopledailychina.activity.application.NewsApplication.checkRoot(NewsApplication.java:168)
	at com.peopledailychina.activity.application.NewsApplication.onCreate(NewsApplication.java:233)
	at com.tencent.tinker.entry.TinkerApplicationInlineFence.handleMessageImpl(TinkerApplicationInlineFence.java:76)
	at com.tencent.tinker.entry.TinkerApplicationInlineFence.handleMessage_$noinline$(TinkerApplicationInlineFence.java:60)
	at com.tencent.tinker.entry.TinkerApplicationInlineFence.handleMessage(TinkerApplicationInlineFence.java:53)
	at com.tencent.tinker.loader.app.TinkerInlineFenceAction.callOnCreate(TinkerInlineFenceAction.java:57)
	at com.tencent.tinker.loader.app.TinkerApplication.onCreate(TinkerApplication.java:189)
	at android.app.Instrumentation.callApplicationOnCreate(Instrumentation.java:1119)
	at com.ali.mobisecenhance.SpeedInit.reallyRun(Native Method)
	at com.ali.mobisecenhance.SpeedInit.run(Native Method)
	at com.ali.mobisecenhance.ld.BridgeAppMini.onCreate(Native Method)
	at android.app.Instrumentation.callApplicationOnCreate(Instrumentation.java:1119)
	at android.app.ActivityThread.handleBindApplication(ActivityThread.java:5740)
	at android.app.ActivityThread.handleBindApplication(Native Method)
	at android.app.ActivityThread.-wrap1(Unknown Source:0)
	at android.app.ActivityThread$H.handleMessage(ActivityThread.java:1656)
	at android.os.Handler.dispatchMessage(Handler.java:106)
	at android.os.Looper.loop(Looper.java:164)
	at android.app.ActivityThread.main(ActivityThread.java:6494)
	at java.lang.reflect.Method.invoke(Native Method)
	at com.android.internal.os.RuntimeInit$MethodAndArgsCaller.run(RuntimeInit.java:438)
	at com.android.internal.os.ZygoteInit.main(ZygoteInit.java:807)

retval: android.widget.Toast@d36361b => "<instance: android.widget.Toast>"
*** exiting android.widget.Toast.makeText[39;49;00m
[31;01m========================================================================================================================================================================================================Inspecting Fields: => true => class android.widget.Toast
android.content.Context 	mContext => com.peopledailychina.activity.application.PeopleDailyApplication@17485dc => "<instance: android.content.Context, $className: com.peopledailychina.activity.application.PeopleDailyApplication>"
int 	mDuration => 0 => 0
android.view.View 	mNextView => android.widget.LinearLayout{eba8591 V.E...... ......I. 0,0-0,0} => "<instance: android.view.View, $className: android.widget.LinearLayout>"
android.widget.Toast$TN 	mTN => android.widget.Toast$TN@9433cf6 => "<instance: android.widget.Toast$TN>"
int 	LENGTH_LONG => 1 => 1
int 	LENGTH_SHORT => 0 => 0
java.lang.String 	TAG => Toast => "Toast"
boolean 	localLOGV => false => false
android.app.INotificationManager 	sService => null => null
[Ljava.lang.reflect.Field;@a7818f7 	[Ljava.lang.reflect.Field;@a7818f7 => undefined => undefined
[native 	function d() {
    [native code]
} => undefined => undefined

*** entered android.widget.Toast.show
java.lang.Throwable
	at android.widget.Toast.show(Native Method)
	at com.peopledaily.common.manager.toast.factory.SystemToast.show(Native Method)
	at com.peopledaily.common.manager.toast.ToastManager.quickShow(Native Method)
	at com.peopledaily.common.manager.toast.ToastManager.showError(Native Method)
	at com.peopledailychina.activity.application.NewsApplication.checkRoot(NewsApplication.java:168)
	at com.peopledailychina.activity.application.NewsApplication.onCreate(NewsApplication.java:233)
	at com.tencent.tinker.entry.TinkerApplicationInlineFence.handleMessageImpl(TinkerApplicationInlineFence.java:76)
	at com.tencent.tinker.entry.TinkerApplicationInlineFence.handleMessage_$noinline$(TinkerApplicationInlineFence.java:60)
	at com.tencent.tinker.entry.TinkerApplicationInlineFence.handleMessage(TinkerApplicationInlineFence.java:53)
	at com.tencent.tinker.loader.app.TinkerInlineFenceAction.callOnCreate(TinkerInlineFenceAction.java:57)
	at com.tencent.tinker.loader.app.TinkerApplication.onCreate(TinkerApplication.java:189)
	at android.app.Instrumentation.callApplicationOnCreate(Instrumentation.java:1119)
	at com.ali.mobisecenhance.SpeedInit.reallyRun(Native Method)
	at com.ali.mobisecenhance.SpeedInit.run(Native Method)
	at com.ali.mobisecenhance.ld.BridgeAppMini.onCreate(Native Method)
	at android.app.Instrumentation.callApplicationOnCreate(Instrumentation.java:1119)
	at android.app.ActivityThread.handleBindApplication(ActivityThread.java:5740)
	at android.app.ActivityThread.handleBindApplication(Native Method)
	at android.app.ActivityThread.-wrap1(Unknown Source:0)
	at android.app.ActivityThread$H.handleMessage(ActivityThread.java:1656)
	at android.os.Handler.dispatchMessage(Handler.java:106)
	at android.os.Looper.loop(Looper.java:164)
	at android.app.ActivityThread.main(ActivityThread.java:6494)
	at java.lang.reflect.Method.invoke(Native Method)
	at com.android.internal.os.RuntimeInit$MethodAndArgsCaller.run(RuntimeInit.java:438)
	at com.android.internal.os.ZygoteInit.main(ZygoteInit.java:807)

retval: undefined => undefined
*** exiting android.widget.Toast.show[39;49;00m
tracerpid replaced: TracerPid:	0
tracerpid replaced: TracerPid:	0
